// Jest Snapshot v1, https://goo.gl/fbAQLP

exports[`With Snapshot testing Should match Snapshot 1`] = `
<div>
  Welcome to next.js!
</div>
`;
